\BOOKMARK [1][-]{section.1}{\376\377\225\356\230\230\221\315\217\360\116\016\122\006\147\220\140\035\215\357}{}% 1
\BOOKMARK [1][-]{section.2}{\376\377\152\041\127\213\120\107\213\276}{}% 2
\BOOKMARK [1][-]{section.3}{\376\377\173\046\123\367\213\364\146\016}{}% 3
\BOOKMARK [1][-]{section.4}{\376\377\145\160\143\156\230\204\131\004\164\006\116\016\143\317\217\360}{}% 4
\BOOKMARK [1][-]{section.5}{\376\377\225\356\230\230\0001\377\032\000Y\000\040\147\323\202\162\117\123\155\123\136\246\116\016\133\125\124\150\060\001\000B\000M\000I\000\040\166\204\121\163\174\373\152\041\127\213}{}% 5
\BOOKMARK [2][-]{subsection.5.1}{\376\377\166\370\121\163\162\171\140\047}{section.5}% 6
\BOOKMARK [2][-]{subsection.5.2}{\376\377\152\041\127\213\136\372\172\313\116\016\220\011\142\351}{section.5}% 7
\BOOKMARK [1][-]{section.6}{\376\377\225\356\230\230\0002\377\032\000B\000M\000I\000\040\122\006\176\304\116\016\147\000\117\163\000\040\000N\000I\000P\000T\000\040\145\366\160\271}{}% 8
\BOOKMARK [2][-]{subsection.6.1}{\376\377\217\276\150\007\151\202\163\207\166\204\232\214\213\301}{section.6}% 9
\BOOKMARK [2][-]{subsection.6.2}{\376\377\147\037\147\033\230\316\226\151\220\022\143\250\116\016\122\006\176\304\117\030\123\026}{section.6}% 10
\BOOKMARK [2][-]{subsection.6.3}{\376\377\150\300\155\113\213\357\135\356\116\016\120\107\213\276\166\204\145\117\141\037\140\047}{section.6}% 11
\BOOKMARK [1][-]{section.7}{\376\377\225\356\230\230\0003\377\032\176\374\124\010\131\032\126\340\175\040\166\204\122\006\176\304\116\016\145\366\160\271}{}% 12
\BOOKMARK [2][-]{subsection.7.1}{\376\377\142\151\134\125\152\041\127\213}{section.7}% 13
\BOOKMARK [2][-]{subsection.7.2}{\376\377\122\006\176\304\060\001\217\276\150\007\153\324\117\213\116\016\116\052\117\123\123\026}{section.7}% 14
\BOOKMARK [1][-]{section.8}{\376\377\225\356\230\230\0004\377\032\131\163\200\316\137\002\136\070\166\204\122\044\133\232\145\271\154\325}{}% 15
\BOOKMARK [2][-]{subsection.8.1}{\376\377\150\007\173\176\116\016\127\372\176\277}{section.8}% 16
\BOOKMARK [2][-]{subsection.8.2}{\376\377\122\006\174\173\152\041\127\213\377\010\143\011\133\125\131\207\122\006\176\304\166\204\122\006\134\102\116\244\123\311\232\214\213\301\377\011}{section.8}% 17
\BOOKMARK [2][-]{subsection.8.3}{\376\377\123\357\211\343\221\312\122\044\133\232\211\304\122\031}{section.8}% 18
\BOOKMARK [1][-]{section.9}{\376\377\152\041\127\213\213\304\116\367}{}% 19
\BOOKMARK [1][-]{section.10}{\376\377\176\323\213\272}{}% 20
\BOOKMARK [1][-]{appendix.A}{\376\377\123\357\131\015\163\260\140\047\130\360\146\016}{}% 21
