\BOOKMARK [1][-]{section.1}{\376\377\225\356\230\230\221\315\217\360\116\016\147\072\164\006\122\006\147\220}{}% 1
\BOOKMARK [2][-]{subsection.1.1}{\376\377\170\024\172\166\200\314\146\157\116\016\165\037\162\151\133\146\147\072\122\066}{section.1}% 2
\BOOKMARK [2][-]{subsection.1.2}{\376\377\145\366\160\271\220\011\142\351\166\204\150\070\137\303\116\064\136\212\167\333\166\376}{section.1}% 3
\BOOKMARK [1][-]{section.2}{\376\377\152\041\127\213\120\107\213\276\116\016\173\046\123\367\213\364\146\016}{}% 4
\BOOKMARK [2][-]{subsection.2.1}{\376\377\127\372\147\054\120\107\213\276}{section.2}% 5
\BOOKMARK [2][-]{subsection.2.2}{\376\377\173\046\123\367\213\364\146\016}{section.2}% 6
\BOOKMARK [1][-]{section.3}{\376\377\225\356\230\230\000\040\0001\377\032\200\316\121\077\000\040\000Y\000\040\147\323\202\162\117\123\155\123\136\246\166\370\121\163\162\171\140\047\116\016\126\336\137\122\152\041\127\213}{}% 7
\BOOKMARK [2][-]{subsection.3.1}{\376\377\145\160\143\156\143\242\175\042\116\016\143\317\217\360\140\047\176\337\213\241}{section.3}% 8
\BOOKMARK [2][-]{subsection.3.2}{\376\377\166\370\121\163\140\047\162\171\137\201\176\337\213\241\150\300\232\214}{section.3}% 9
\BOOKMARK [2][-]{subsection.3.3}{\376\377\131\032\152\041\127\213\147\204\136\372\116\016\146\076\204\127\140\047\150\300\232\214}{section.3}% 10
\BOOKMARK [3][-]{subsubsection.3.3.1}{\376\377\152\041\127\213\000\040\0001\000A\377\032\123\314\123\330\221\317\146\156\220\032\147\000\134\017\116\214\116\130\126\336\137\122\377\010\000O\000L\000S\000\040\000B\000a\000s\000e\000l\000i\000n\000e\377\011}{subsection.3.3}% 11
\BOOKMARK [3][-]{subsubsection.3.3.2}{\376\377\152\041\127\213\000\040\0001\000B\377\032\116\214\153\041\131\032\230\171\137\017\116\016\116\244\116\222\145\110\136\224\152\041\127\213}{subsection.3.3}% 12
\BOOKMARK [3][-]{subsubsection.3.3.3}{\376\377\152\041\127\213\000\040\0001\000C\377\032\133\371\145\160\176\277\140\047\143\007\145\160\130\236\225\177\152\041\127\213}{subsection.3.3}% 13
\BOOKMARK [3][-]{subsubsection.3.3.4}{\376\377\152\041\127\213\000\040\0001\000D\377\032\121\150\123\117\123\330\221\317\131\032\121\103\126\336\137\122\152\041\127\213}{subsection.3.3}% 14
\BOOKMARK [3][-]{subsubsection.3.3.5}{\376\377\152\041\127\213\000\040\0001\000E\377\032\176\265\124\021\176\277\140\047\155\367\124\010\145\110\136\224\152\041\127\213\377\010\000L\000i\000n\000e\000a\000r\000\040\000M\000i\000x\000e\000d\000-\000E\000f\000f\000e\000c\000t\000s\000\040\000M\000o\000d\000e\000l\000,\000\040\000L\000M\000M\377\011}{subsection.3.3}% 15
\BOOKMARK [1][-]{section.4}{\376\377\225\356\230\230\000\040\0002\377\032\127\372\116\216\000\040\000B\000M\000I\000\040\122\006\176\304\166\204\147\000\117\163\000\040\000N\000I\000P\000T\000\040\145\366\160\271\121\263\173\126\152\041\127\213}{}% 16
\BOOKMARK [2][-]{subsection.4.1}{\376\377\217\276\150\007\151\202\163\207\122\006\136\003\116\016\116\064\136\212\136\366\217\337\143\137\131\061\121\375\145\160}{section.4}% 17
\BOOKMARK [2][-]{subsection.4.2}{\376\377\000B\000M\000I\000\040\122\006\176\304\145\271\150\110\116\016\143\250\203\120\150\300\155\113\145\366\160\271}{section.4}% 18
\BOOKMARK [2][-]{subsection.4.3}{\376\377\150\300\155\113\155\113\221\317\213\357\135\356\145\117\141\037\140\047\122\006\147\220}{section.4}% 19
\BOOKMARK [1][-]{section.5}{\376\377\225\356\230\230\000\040\0003\377\032\131\032\126\340\175\040\176\374\124\010\137\161\124\315\116\016\217\276\150\007\153\324\117\213\176\246\147\137\117\030\123\026\152\041\127\213}{}% 20
\BOOKMARK [2][-]{subsection.5.1}{\376\377\131\032\126\340\175\040\123\117\123\330\221\317\145\110\136\224\122\006\147\220}{section.5}% 21
\BOOKMARK [2][-]{subsection.5.2}{\376\377\131\032\126\340\175\040\177\244\176\304\217\271\226\105\117\030\123\026\116\016\145\077\173\126\143\250\203\120}{section.5}% 22
\BOOKMARK [1][-]{section.6}{\376\377\225\356\230\230\000\040\0004\377\032\131\163\200\316\147\323\202\162\117\123\227\136\145\164\120\015\117\123\137\002\136\070\122\044\133\232\145\271\154\325}{}% 23
\BOOKMARK [2][-]{subsection.6.1}{\376\377\131\163\200\316\150\300\155\113\226\276\160\271\116\016\162\171\137\201\135\345\172\013}{section.6}% 24
\BOOKMARK [2][-]{subsection.6.2}{\376\377\122\044\133\232\152\041\127\213\147\204\136\372\116\016\000\040\0005\000\040\142\230\116\244\123\311\232\214\213\301\213\304\117\060}{section.6}% 25
\BOOKMARK [2][-]{subsection.6.3}{\376\377\116\232\127\213\162\171\137\002\140\047\122\044\122\053\116\016\162\171\137\201\221\315\211\201\140\047}{section.6}% 26
\BOOKMARK [2][-]{subsection.6.4}{\376\377\116\011\176\247\116\064\136\212\122\006\213\312\121\263\173\126\155\101\172\013\213\276\213\241}{section.6}% 27
\BOOKMARK [1][-]{section.7}{\376\377\176\323\213\272\116\016\116\064\136\212\136\372\213\256\140\073\210\150}{}% 28
